ERROR - 2026-04-29 08:39:20 --> Error connecting to the database: mysqli_sql_exception: No such file or directory in /home/unknowm/Documents/GitHub/Matiere/system/Database/MySQLi/Connection.php:201
Stack trace:
#0 /home/unknowm/Documents/GitHub/Matiere/system/Database/MySQLi/Connection.php(201): mysqli->real_connect()
#1 /home/unknowm/Documents/GitHub/Matiere/system/Database/BaseConnection.php(555): CodeIgniter\Database\MySQLi\Connection->connect()
#2 /home/unknowm/Documents/GitHub/Matiere/system/Database/BaseConnection.php(795): CodeIgniter\Database\BaseConnection->initialize()
#3 /home/unknowm/Documents/GitHub/Matiere/system/Database/BaseBuilder.php(1649): CodeIgniter\Database\BaseConnection->query()
#4 /home/unknowm/Documents/GitHub/Matiere/system/Model.php(295): CodeIgniter\Database\BaseBuilder->get()
#5 /home/unknowm/Documents/GitHub/Matiere/system/BaseModel.php(714): CodeIgniter\Model->doFirst()
#6 /home/unknowm/Documents/GitHub/Matiere/app/Models/UserModel.php(34): CodeIgniter\BaseModel->first()
#7 /home/unknowm/Documents/GitHub/Matiere/app/Controllers/Auth.php(31): App\Models\UserModel->authenticate()
#8 /home/unknowm/Documents/GitHub/Matiere/system/CodeIgniter.php(951): App\Controllers\Auth->doLogin()
#9 /home/unknowm/Documents/GitHub/Matiere/system/CodeIgniter.php(497): CodeIgniter\CodeIgniter->runController()
#10 /home/unknowm/Documents/GitHub/Matiere/system/CodeIgniter.php(340): CodeIgniter\CodeIgniter->handleRequest()
#11 /home/unknowm/Documents/GitHub/Matiere/system/Boot.php(417): CodeIgniter\CodeIgniter->run()
#12 /home/unknowm/Documents/GitHub/Matiere/system/Boot.php(68): CodeIgniter\Boot::runCodeIgniter()
#13 /home/unknowm/Documents/GitHub/Matiere/public/index.php(59): CodeIgniter\Boot::bootWeb()
#14 {main}

Next CodeIgniter\Database\Exceptions\DatabaseException: No such file or directory in /home/unknowm/Documents/GitHub/Matiere/system/Database/MySQLi/Connection.php:231
Stack trace:
#0 /home/unknowm/Documents/GitHub/Matiere/system/Database/BaseConnection.php(555): CodeIgniter\Database\MySQLi\Connection->connect()
#1 /home/unknowm/Documents/GitHub/Matiere/system/Database/BaseConnection.php(795): CodeIgniter\Database\BaseConnection->initialize()
#2 /home/unknowm/Documents/GitHub/Matiere/system/Database/BaseBuilder.php(1649): CodeIgniter\Database\BaseConnection->query()
#3 /home/unknowm/Documents/GitHub/Matiere/system/Model.php(295): CodeIgniter\Database\BaseBuilder->get()
#4 /home/unknowm/Documents/GitHub/Matiere/system/BaseModel.php(714): CodeIgniter\Model->doFirst()
#5 /home/unknowm/Documents/GitHub/Matiere/app/Models/UserModel.php(34): CodeIgniter\BaseModel->first()
#6 /home/unknowm/Documents/GitHub/Matiere/app/Controllers/Auth.php(31): App\Models\UserModel->authenticate()
#7 /home/unknowm/Documents/GitHub/Matiere/system/CodeIgniter.php(951): App\Controllers\Auth->doLogin()
#8 /home/unknowm/Documents/GitHub/Matiere/system/CodeIgniter.php(497): CodeIgniter\CodeIgniter->runController()
#9 /home/unknowm/Documents/GitHub/Matiere/system/CodeIgniter.php(340): CodeIgniter\CodeIgniter->handleRequest()
#10 /home/unknowm/Documents/GitHub/Matiere/system/Boot.php(417): CodeIgniter\CodeIgniter->run()
#11 /home/unknowm/Documents/GitHub/Matiere/system/Boot.php(68): CodeIgniter\Boot::runCodeIgniter()
#12 /home/unknowm/Documents/GitHub/Matiere/public/index.php(59): CodeIgniter\Boot::bootWeb()
#13 {main}
CRITICAL - 2026-04-29 08:39:20 --> CodeIgniter\Database\Exceptions\DatabaseException: Unable to connect to the database.
Main connection [MySQLi]: No such file or directory
[Method: POST, Route: auth/doLogin]
in SYSTEMPATH/Database/BaseConnection.php on line 606.
 1 SYSTEMPATH/Database/BaseConnection.php(795): CodeIgniter\Database\BaseConnection->initialize()
 2 SYSTEMPATH/Database/BaseBuilder.php(1649): CodeIgniter\Database\BaseConnection->query()
 3 SYSTEMPATH/Model.php(295): CodeIgniter\Database\BaseBuilder->get()
 4 SYSTEMPATH/BaseModel.php(714): CodeIgniter\Model->doFirst()
 5 APPPATH/Models/UserModel.php(34): CodeIgniter\BaseModel->first()
 6 APPPATH/Controllers/Auth.php(31): App\Models\UserModel->authenticate()
 7 SYSTEMPATH/CodeIgniter.php(951): App\Controllers\Auth->doLogin()
 8 SYSTEMPATH/CodeIgniter.php(497): CodeIgniter\CodeIgniter->runController()
 9 SYSTEMPATH/CodeIgniter.php(340): CodeIgniter\CodeIgniter->handleRequest()
10 SYSTEMPATH/Boot.php(417): CodeIgniter\CodeIgniter->run()
11 SYSTEMPATH/Boot.php(68): CodeIgniter\Boot::runCodeIgniter()
12 FCPATH/index.php(59): CodeIgniter\Boot::bootWeb()
